<html>
<body>
<pre>
<h1>µVision Build Log</h1>
<h2>Tool Versions:</h2>
IDE-Version: µVision V5.24.2.0
Copyright (C) 2017 ARM Ltd and ARM Germany GmbH. All rights reserved.
License Information: Frank Tang, ccu, LIC=----
 
Tool Versions:
Toolchain:       MDK-Lite  Version: 5.24.1
Toolchain Path:  D:\Keil_v5\ARM\ARMCC\Bin
C Compiler:      Armcc.exe V5.06 update 5 (build 528)
Assembler:       Armasm.exe V5.06 update 5 (build 528)
Linker/Locator:  ArmLink.exe V5.06 update 5 (build 528)
Library Manager: ArmAr.exe V5.06 update 5 (build 528)
Hex Converter:   FromElf.exe V5.06 update 5 (build 528)
CPU DLL:         SARMCM3.DLL V5.24.1
Dialog DLL:      DARMCM1.DLL V1.18.0.0
Target DLL:      Nu_Link.dll V2.02
Dialog DLL:      TARMCM1.DLL V1.13.0.0
 
<h2>Project:</h2>
C:\Users\Frank\general\Desktop\NUC140\NUC140\SW_Nu_LB_NUC140_v1.1\SampleCode\Nu-LB-NUC140\GPIO_7seg_keypad\KEIL\Nu-LB-NUC140_7seg.uvproj
Project File Date:  11/10/2017

<h2>Output:</h2>
*** Using Compiler 'V5.06 update 5 (build 528)', folder: 'D:\Keil_v5\ARM\ARMCC\Bin'
Rebuild target 'GPIO'
creating preprocessor file for system_NUC100Series.c...
assembling startup_NUC100Series.s...
creating preprocessor file for gpio.c...
creating preprocessor file for uart.c...
compiling system_NUC100Series.c...
creating preprocessor file for clk.c...
compiling gpio.c...
creating preprocessor file for sys.c...
compiling uart.c...
compiling clk.c...
creating preprocessor file for main.c...
compiling sys.c...
creating preprocessor file for SYS_init.c...
creating preprocessor file for Seven_Segment.c...
compiling SYS_init.c...
compiling Seven_Segment.c...
creating preprocessor file for Scankey.c...
compiling main.c...
..\main.c(150): warning:  #1-D: last line of file ends without a newline
    
..\main.c: 1 warning, 0 errors
compiling Scankey.c...
linking...
Program Size: Code=1964 RO-data=224 RW-data=60 ZI-data=1028  
After Build - User command #1: fromelf --bin ".\obj\smpl_7seg.axf" --output ".\obj\smpl_7seg.bin"
After Build - User command #2: fromelf --text -c ".\obj\smpl_7seg.axf" --output ".\obj\smpl_7seg.txt"
".\obj\smpl_7seg.axf" - 0 Error(s), 1 Warning(s).
Build Time Elapsed:  00:00:03
</pre>
</body>
</html>
