<html>
<body>
<pre>
<h1>µVision Build Log</h1>
<h2>Tool Versions:</h2>
IDE-Version: µVision V5.24.2.0
Copyright (C) 2017 ARM Ltd and ARM Germany GmbH. All rights reserved.
License Information: Frank Tang, ccu, LIC=----
 
Tool Versions:
Toolchain:       MDK-Lite  Version: 5.24.1
Toolchain Path:  D:\Keil_v5\ARM\ARMCC\Bin
C Compiler:      Armcc.exe V5.06 update 5 (build 528)
Assembler:       Armasm.exe V5.06 update 5 (build 528)
Linker/Locator:  ArmLink.exe V5.06 update 5 (build 528)
Library Manager: ArmAr.exe V5.06 update 5 (build 528)
Hex Converter:   FromElf.exe V5.06 update 5 (build 528)
CPU DLL:         SARMCM3.DLL V5.24.1
Dialog DLL:      DARMCM1.DLL V1.18.0.0
Target DLL:      Nu_Link.dll V2.02
Dialog DLL:      TARMCM1.DLL V1.13.0.0
 
<h2>Project:</h2>
C:\Users\Frank\general\Desktop\NUC100_120BSPv3.00.002\SampleCode\StdDriver\TIMER_Capture\KEIL\TIMER_Capture.uvproj
Project File Date:  12/13/2017

<h2>Output:</h2>
*** Using Compiler 'V5.06 update 5 (build 528)', folder: 'D:\Keil_v5\ARM\ARMCC\Bin'
Rebuild target 'TIMER_Capture'
creating preprocessor file for system_NUC100Series.c...
assembling startup_NUC100Series.s...
creating preprocessor file for main.c...
creating preprocessor file for retarget.c...
compiling system_NUC100Series.c...
creating preprocessor file for sys.c...
compiling main.c...
..\main.c(114): warning:  #177-D: variable "num"  was declared but never referenced
  		uint8_t num;
..\main.c(132): warning:  #177-D: variable "num"  was declared but never referenced
  		uint8_t num;
..\main.c(327): warning:  #111-D: statement is unreachable
      printf("----------LAB4 terminate----------\n");
..\main.c: 3 warnings, 0 errors
creating preprocessor file for clk.c...
compiling retarget.c...
compiling sys.c...
creating preprocessor file for uart.c...
creating preprocessor file for timer.c...
compiling clk.c...
compiling uart.c...
compiling timer.c...
linking...
Program Size: Code=2932 RO-data=224 RW-data=60 ZI-data=1044  
After Build - User command #1: fromelf --bin ".\obj\TIMER_Capture.axf" --output ".\obj\TIMER_Capture.bin"
After Build - User command #2: fromelf --text -c ".\obj\TIMER_Capture.axf" --output ".\obj\TIMER_Capture.txt"
".\obj\TIMER_Capture.axf" - 0 Error(s), 3 Warning(s).
Build Time Elapsed:  00:00:07
</pre>
</body>
</html>
